Warning: TTY mode is not supported on Windows platform.

  [30;42;1m PASS [39;49;22m[39m Tests\Unit\ExampleTest[39m
  [32;1mΓ£ô[39;22m[39m [2mexample[22m[39m

  [37;41;1m FAIL [39;49;22m[39m Tests\Feature\Auth\AuthenticationTest[39m
  [32;1mΓ£ô[39;22m[39m [2mlogin screen can be rendered[22m[39m
  [31;1mΓ¿»[39;22m[39m [2musers can authenticate using the login screen[22m[39m
  [32;1mΓ£ô[39;22m[39m [2musers can not authenticate with invalid password[22m[39m

  [37;41;1m FAIL [39;49;22m[39m Tests\Feature\Auth\EmailVerificationTest[39m
  [31;1mΓ¿»[39;22m[39m [2memail verification screen can be rendered[22m[39m
  [31;1mΓ¿»[39;22m[39m [2memail can be verified[22m[39m
  [31;1mΓ¿»[39;22m[39m [2memail is not verified with invalid hash[22m[39m

  [37;41;1m FAIL [39;49;22m[39m Tests\Feature\Auth\PasswordConfirmationTest[39m
  [31;1mΓ¿»[39;22m[39m [2mconfirm password screen can be rendered[22m[39m
  [31;1mΓ¿»[39;22m[39m [2mpassword can be confirmed[22m[39m
  [31;1mΓ¿»[39;22m[39m [2mpassword is not confirmed with invalid password[22m[39m

  [37;41;1m FAIL [39;49;22m[39m Tests\Feature\Auth\PasswordResetTest[39m
  [31;1mΓ¿»[39;22m[39m [2mreset password link screen can be rendered[22m[39m
  [31;1mΓ¿»[39;22m[39m [2mreset password link can be requested[22m[39m
  [31;1mΓ¿»[39;22m[39m [2mreset password screen can be rendered[22m[39m
  [31;1mΓ¿»[39;22m[39m [2mpassword can be reset with valid token[22m[39m

  [37;41;1m FAIL [39;49;22m[39m Tests\Feature\Auth\RegistrationTest[39m
  [32;1mΓ£ô[39;22m[39m [2mregistration screen can be rendered[22m[39m
  [31;1mΓ¿»[39;22m[39m [2mnew users can register[22m[39m

  [37;41;1m FAIL [39;49;22m[39m Tests\Feature\EventTest[39m
  [31;1mΓ¿»[39;22m[39m [2ma user can view the dashboard with events[22m[39m
  [31;1mΓ¿»[39;22m[39m [2mevents can be retrieved via api[22m[39m

  [37;41;1m FAIL [39;49;22m[39m Tests\Feature\ExampleTest[39m
  [31;1mΓ¿»[39;22m[39m [2mexample[22m[39m

  [2m---[22m

  [31;1mΓÇó Tests\Feature\Auth\AuthenticationTest [39;22m> [31;1musers can authenticate using the login screen[39;22m
[39;1m  The user is not authenticated
  Failed asserting that false is true.[39;22m

  at [32mD:\Projects\PHP Projects\Equest Solution\eq-vipul-t-laravel-practical-02-10-2025\event-ticketing\tests\Feature\Auth\AuthenticationTest.php[39m:[32m30[39m
     26Γûò             'email' => $user->email,
     27Γûò             'password' => 'password',
     28Γûò         ]);
     29Γûò 
  Γ₧£  30Γûò         $this->assertAuthenticated();
     31Γûò         $response->assertRedirect(RouteServiceProvider::HOME);
     32Γûò     }
     33Γûò 
     34Γûò     public function test_users_can_not_authenticate_with_invalid_password()

  [33m1   [39m[39;1mD:\Projects\PHP Projects\Equest Solution\eq-vipul-t-laravel-practical-02-10-2025\event-ticketing\vendor\phpunit\phpunit\phpunit[39;22m:[39;1m107[39;22m
  [37m    PHPUnit\TextUI\Command::main()[39m

  [31;1mΓÇó Tests\Feature\Auth\EmailVerificationTest [39;22m> [31;1memail verification screen can be rendered[39;22m
[39;1m  Expected response status code [200] but received 404.
  Failed asserting that 200 is identical to 404.[39;22m

  at [32mD:\Projects\PHP Projects\Equest Solution\eq-vipul-t-laravel-practical-02-10-2025\event-ticketing\tests\Feature\Auth\EmailVerificationTest.php[39m:[32m25[39m
     21Γûò         ]);
     22Γûò 
     23Γûò         $response = $this->actingAs($user)->get('/verify-email');
     24Γûò 
  Γ₧£  25Γûò         $response->assertStatus(200);
     26Γûò     }
     27Γûò 
     28Γûò     public function test_email_can_be_verified()
     29Γûò     {

  [33m1   [39m[39;1mD:\Projects\PHP Projects\Equest Solution\eq-vipul-t-laravel-practical-02-10-2025\event-ticketing\vendor\phpunit\phpunit\phpunit[39;22m:[39;1m107[39;22m
  [37m    PHPUnit\TextUI\Command::main()[39m

  [31;1mΓÇó Tests\Feature\Auth\EmailVerificationTest [39;22m> [31;1memail can be verified[39;22m
  [41;1m PHPUnit\Framework\ExceptionWrapper [49;22m

[39;1m  Route [verification.verify] not defined.[39;22m

  at [32mD:\Projects\PHP Projects\Equest Solution\eq-vipul-t-laravel-practical-02-10-2025\event-ticketing\vendor\laravel\framework\src\Illuminate\Routing\UrlGenerator.php[39m:[32m444[39m
    440Γûò         if (! is_null($route = $this->routes->getByName($name))) {
    441Γûò             return $this->toRoute($route, $parameters, $absolute);
    442Γûò         }
    443Γûò 
  Γ₧£ 444Γûò         throw new RouteNotFoundException("Route [{$name}] not defined.");
    445Γûò     }
    446Γûò 
    447Γûò     /**
    448Γûò      * Get the URL for a given route instance.

  [33m1   [39m[39;1mD:\Projects\PHP Projects\Equest Solution\eq-vipul-t-laravel-practical-02-10-2025\event-ticketing\vendor\phpunit\phpunit\phpunit[39;22m:[39;1m107[39;22m
  [37m    PHPUnit\TextUI\Command::main()[39m

  [31;1mΓÇó Tests\Feature\Auth\EmailVerificationTest [39;22m> [31;1memail is not verified with invalid hash[39;22m
  [41;1m PHPUnit\Framework\ExceptionWrapper [49;22m

[39;1m  Route [verification.verify] not defined.[39;22m

  at [32mD:\Projects\PHP Projects\Equest Solution\eq-vipul-t-laravel-practical-02-10-2025\event-ticketing\vendor\laravel\framework\src\Illuminate\Routing\UrlGenerator.php[39m:[32m444[39m
    440Γûò         if (! is_null($route = $this->routes->getByName($name))) {
    441Γûò             return $this->toRoute($route, $parameters, $absolute);
    442Γûò         }
    443Γûò 
  Γ₧£ 444Γûò         throw new RouteNotFoundException("Route [{$name}] not defined.");
    445Γûò     }
    446Γûò 
    447Γûò     /**
    448Γûò      * Get the URL for a given route instance.

  [33m1   [39m[39;1mD:\Projects\PHP Projects\Equest Solution\eq-vipul-t-laravel-practical-02-10-2025\event-ticketing\vendor\phpunit\phpunit\phpunit[39;22m:[39;1m107[39;22m
  [37m    PHPUnit\TextUI\Command::main()[39m

  [31;1mΓÇó Tests\Feature\Auth\PasswordConfirmationTest [39;22m> [31;1mconfirm password screen can be rendered[39;22m
[39;1m  Expected response status code [200] but received 404.
  Failed asserting that 200 is identical to 404.[39;22m

  at [32mD:\Projects\PHP Projects\Equest Solution\eq-vipul-t-laravel-practical-02-10-2025\event-ticketing\tests\Feature\Auth\PasswordConfirmationTest.php[39m:[32m19[39m
     15Γûò         $user = User::factory()->create();
     16Γûò 
     17Γûò         $response = $this->actingAs($user)->get('/confirm-password');
     18Γûò 
  Γ₧£  19Γûò         $response->assertStatus(200);
     20Γûò     }
     21Γûò 
     22Γûò     public function test_password_can_be_confirmed()
     23Γûò     {

  [33m1   [39m[39;1mD:\Projects\PHP Projects\Equest Solution\eq-vipul-t-laravel-practical-02-10-2025\event-ticketing\vendor\phpunit\phpunit\phpunit[39;22m:[39;1m107[39;22m
  [37m    PHPUnit\TextUI\Command::main()[39m

  [31;1mΓÇó Tests\Feature\Auth\PasswordConfirmationTest [39;22m> [31;1mpassword can be confirmed[39;22m
[39;1m  Expected response status code [201, 301, 302, 303, 307, 308] but received 404.
  Failed asserting that false is true.[39;22m

  at [32mD:\Projects\PHP Projects\Equest Solution\eq-vipul-t-laravel-practical-02-10-2025\event-ticketing\tests\Feature\Auth\PasswordConfirmationTest.php[39m:[32m30[39m
     26Γûò         $response = $this->actingAs($user)->post('/confirm-password', [
     27Γûò             'password' => 'password',
     28Γûò         ]);
     29Γûò 
  Γ₧£  30Γûò         $response->assertRedirect();
     31Γûò         $response->assertSessionHasNoErrors();
     32Γûò     }
     33Γûò 
     34Γûò     public function test_password_is_not_confirmed_with_invalid_password()

  [33m1   [39m[39;1mD:\Projects\PHP Projects\Equest Solution\eq-vipul-t-laravel-practical-02-10-2025\event-ticketing\vendor\phpunit\phpunit\phpunit[39;22m:[39;1m107[39;22m
  [37m    PHPUnit\TextUI\Command::main()[39m

  [31;1mΓÇó Tests\Feature\Auth\PasswordConfirmationTest [39;22m> [31;1mpassword is not confirmed with invalid password[39;22m
[39;1m  Session is missing expected key [errors].
  Failed asserting that false is true.[39;22m

  at [32mD:\Projects\PHP Projects\Equest Solution\eq-vipul-t-laravel-practical-02-10-2025\event-ticketing\tests\Feature\Auth\PasswordConfirmationTest.php[39m:[32m42[39m
     38Γûò         $response = $this->actingAs($user)->post('/confirm-password', [
     39Γûò             'password' => 'wrong-password',
     40Γûò         ]);
     41Γûò 
  Γ₧£  42Γûò         $response->assertSessionHasErrors();
     43Γûò     }
     44Γûò }
     45Γûò

  [33m1   [39m[39;1mD:\Projects\PHP Projects\Equest Solution\eq-vipul-t-laravel-practical-02-10-2025\event-ticketing\vendor\phpunit\phpunit\phpunit[39;22m:[39;1m107[39;22m
  [37m    PHPUnit\TextUI\Command::main()[39m

  [31;1mΓÇó Tests\Feature\Auth\PasswordResetTest [39;22m> [31;1mreset password link screen can be rendered[39;22m
[39;1m  Expected response status code [200] but received 404.
  Failed asserting that 200 is identical to 404.[39;22m

  at [32mD:\Projects\PHP Projects\Equest Solution\eq-vipul-t-laravel-practical-02-10-2025\event-ticketing\tests\Feature\Auth\PasswordResetTest.php[39m:[32m19[39m
     15Γûò     public function test_reset_password_link_screen_can_be_rendered()
     16Γûò     {
     17Γûò         $response = $this->get('/forgot-password');
     18Γûò 
  Γ₧£  19Γûò         $response->assertStatus(200);
     20Γûò     }
     21Γûò 
     22Γûò     public function test_reset_password_link_can_be_requested()
     23Γûò     {

  [33m1   [39m[39;1mD:\Projects\PHP Projects\Equest Solution\eq-vipul-t-laravel-practical-02-10-2025\event-ticketing\vendor\phpunit\phpunit\phpunit[39;22m:[39;1m107[39;22m
  [37m    PHPUnit\TextUI\Command::main()[39m

  [31;1mΓÇó Tests\Feature\Auth\PasswordResetTest [39;22m> [31;1mreset password link can be requested[39;22m
[39;1m  The expected [Illuminate\Auth\Notifications\ResetPassword] notification was not sent.
  Failed asserting that false is true.[39;22m

  at [32mD:\Projects\PHP Projects\Equest Solution\eq-vipul-t-laravel-practical-02-10-2025\event-ticketing\vendor\laravel\framework\src\Illuminate\Support\Testing\Fakes\NotificationFake.php[39m:[32m81[39m
     77Γûò         if (is_numeric($callback)) {
     78Γûò             return $this->assertSentToTimes($notifiable, $notification, $callback);
     79Γûò         }
     80Γûò 
  Γ₧£  81Γûò         PHPUnit::assertTrue(
     82Γûò             $this->sent($notifiable, $notification, $callback)->count() > 0,
     83Γûò             "The expected [{$notification}] notification was not sent."
     84Γûò         );
     85Γûò     }

  [33m1   [39m[39;1mD:\Projects\PHP Projects\Equest Solution\eq-vipul-t-laravel-practical-02-10-2025\event-ticketing\vendor\laravel\framework\src\Illuminate\Support\Facades\Facade.php[39;22m:[39;1m261[39;22m
  [37m    Illuminate\Support\Testing\Fakes\NotificationFake::assertSentTo()[39m

  [33m2   [39m[39;1mD:\Projects\PHP Projects\Equest Solution\eq-vipul-t-laravel-practical-02-10-2025\event-ticketing\tests\Feature\Auth\PasswordResetTest.php[39;22m:[39;1m30[39;22m
  [37m    Illuminate\Support\Facades\Facade::__callStatic()[39m

  [31;1mΓÇó Tests\Feature\Auth\PasswordResetTest [39;22m> [31;1mreset password screen can be rendered[39;22m
[39;1m  The expected [Illuminate\Auth\Notifications\ResetPassword] notification was not sent.
  Failed asserting that false is true.[39;22m

  at [32mD:\Projects\PHP Projects\Equest Solution\eq-vipul-t-laravel-practical-02-10-2025\event-ticketing\vendor\laravel\framework\src\Illuminate\Support\Testing\Fakes\NotificationFake.php[39m:[32m81[39m
     77Γûò         if (is_numeric($callback)) {
     78Γûò             return $this->assertSentToTimes($notifiable, $notification, $callback);
     79Γûò         }
     80Γûò 
  Γ₧£  81Γûò         PHPUnit::assertTrue(
     82Γûò             $this->sent($notifiable, $notification, $callback)->count() > 0,
     83Γûò             "The expected [{$notification}] notification was not sent."
     84Γûò         );
     85Γûò     }

  [33m1   [39m[39;1mD:\Projects\PHP Projects\Equest Solution\eq-vipul-t-laravel-practical-02-10-2025\event-ticketing\vendor\laravel\framework\src\Illuminate\Support\Facades\Facade.php[39;22m:[39;1m261[39;22m
  [37m    Illuminate\Support\Testing\Fakes\NotificationFake::assertSentTo()[39m

  [33m2   [39m[39;1mD:\Projects\PHP Projects\Equest Solution\eq-vipul-t-laravel-practical-02-10-2025\event-ticketing\tests\Feature\Auth\PasswordResetTest.php[39;22m:[39;1m41[39;22m
  [37m    Illuminate\Support\Facades\Facade::__callStatic()[39m

  [31;1mΓÇó Tests\Feature\Auth\PasswordResetTest [39;22m> [31;1mpassword can be reset with valid token[39;22m
[39;1m  The expected [Illuminate\Auth\Notifications\ResetPassword] notification was not sent.
  Failed asserting that false is true.[39;22m

  at [32mD:\Projects\PHP Projects\Equest Solution\eq-vipul-t-laravel-practical-02-10-2025\event-ticketing\vendor\laravel\framework\src\Illuminate\Support\Testing\Fakes\NotificationFake.php[39m:[32m81[39m
     77Γûò         if (is_numeric($callback)) {
     78Γûò             return $this->assertSentToTimes($notifiable, $notification, $callback);
     79Γûò         }
     80Γûò 
  Γ₧£  81Γûò         PHPUnit::assertTrue(
     82Γûò             $this->sent($notifiable, $notification, $callback)->count() > 0,
     83Γûò             "The expected [{$notification}] notification was not sent."
     84Γûò         );
     85Γûò     }

  [33m1   [39m[39;1mD:\Projects\PHP Projects\Equest Solution\eq-vipul-t-laravel-practical-02-10-2025\event-ticketing\vendor\laravel\framework\src\Illuminate\Support\Facades\Facade.php[39;22m:[39;1m261[39;22m
  [37m    Illuminate\Support\Testing\Fakes\NotificationFake::assertSentTo()[39m

  [33m2   [39m[39;1mD:\Projects\PHP Projects\Equest Solution\eq-vipul-t-laravel-practical-02-10-2025\event-ticketing\tests\Feature\Auth\PasswordResetTest.php[39;22m:[39;1m58[39;22m
  [37m    Illuminate\Support\Facades\Facade::__callStatic()[39m

  [31;1mΓÇó Tests\Feature\Auth\RegistrationTest [39;22m> [31;1mnew users can register[39;22m
[39;1m  The user is not authenticated
  Failed asserting that false is true.[39;22m

  at [32mD:\Projects\PHP Projects\Equest Solution\eq-vipul-t-laravel-practical-02-10-2025\event-ticketing\tests\Feature\Auth\RegistrationTest.php[39m:[32m29[39m
     25Γûò             'password' => 'password',
     26Γûò             'password_confirmation' => 'password',
     27Γûò         ]);
     28Γûò 
  Γ₧£  29Γûò         $this->assertAuthenticated();
     30Γûò         $response->assertRedirect(RouteServiceProvider::HOME);
     31Γûò     }
     32Γûò }
     33Γûò

  [33m1   [39m[39;1mD:\Projects\PHP Projects\Equest Solution\eq-vipul-t-laravel-practical-02-10-2025\event-ticketing\vendor\phpunit\phpunit\phpunit[39;22m:[39;1m107[39;22m
  [37m    PHPUnit\TextUI\Command::main()[39m

  [31;1mΓÇó Tests\Feature\EventTest [39;22m> [31;1ma user can view the dashboard with events[39;22m
[39;1m  Expected response status code [200] but received 500.
  
  The following exception occurred during the request:
  
  Exception: Unable to locate Mix file: /css/app.css. in D:\Projects\PHP Projects\Equest Solution\eq-vipul-t-laravel-practical-02-10-2025\event-ticketing\vendor\laravel\framework\src\Illuminate\Foundation\Mix.php:61
  Stack trace:
  #0 D:\Projects\PHP Projects\Equest Solution\eq-vipul-t-laravel-practical-02-10-2025\event-ticketing\vendor\laravel\framework\src\Illuminate\Foundation\helpers.php(537): Illuminate\Foundation\Mix->__invoke()
  #1 D:\Projects\PHP Projects\Equest Solution\eq-vipul-t-laravel-practical-02-10-2025\event-ticketing\storage\framework\views\6a761df685c3a5535988d2d00ee1ce2933c6ce40.php(14): mix()
  #2 D:\Projects\PHP Projects\Equest Solution\eq-vipul-t-laravel-practical-02-10-2025\event-ticketing\vendor\laravel\framework\src\Illuminate\Filesystem\Filesystem.php(107): require('...')
  #3 D:\Projects\PHP Projects\Equest Solution\eq-vipul-t-laravel-practical-02-10-2025\event-ticketing\vendor\laravel\framework\src\Illuminate\Filesystem\Filesystem.php(108): Illuminate\Filesystem\Filesystem::Illuminate\Filesystem\{closure}()
  #4 D:\Projects\PHP Projects\Equest Solution\eq-vipul-t-laravel-practical-02-10-2025\event-ticketing\vendor\laravel\framework\src\Illuminate\View\Engines\PhpEngine.php(58): Illuminate\Filesystem\Filesystem->getRequire()
  #5 D:\Projects\PHP Projects\Equest Solution\eq-vipul-t-laravel-practical-02-10-2025\event-ticketing\vendor\laravel\framework\src\Illuminate\View\Engines\CompilerEngine.php(61): Illuminate\View\Engines\PhpEngine->evaluatePath()
  #6 D:\Projects\PHP Projects\Equest Solution\eq-vipul-t-laravel-practical-02-10-2025\event-ticketing\vendor\facade\ignition\src\Views\Engines\CompilerEngine.php(37): Illuminate\View\Engines\CompilerEngine->get()
  #7 D:\Projects\PHP Projects\Equest Solution\eq-vipul-t-laravel-practical-02-10-2025\event-ticketing\vendor\laravel\framework\src\Illuminate\View\View.php(139): Facade\Ignition\Views\Engines\CompilerEngine->get()
  #8 D:\Projects\PHP Projects\Equest Solution\eq-vipul-t-laravel-practical-02-10-2025\event-ticketing\vendor\laravel\framework\src\Illuminate\View\View.php(122): Illuminate\View\View->getContents()
  #9 D:\Projects\PHP Projects\Equest Solution\eq-vipul-t-laravel-practical-02-10-2025\event-ticketing\vendor\laravel\framework\src\Illuminate\View\View.php(91): Illuminate\View\View->renderContents()
  #10 D:\Projects\PHP Projects\Equest Solution\eq-vipul-t-laravel-practical-02-10-2025\event-ticketing\storage\framework\views\f986fbf7dbad8fe33497bf74f9050b7d4d5cdac2.php(464): Illuminate\View\View->render()
  #11 D:\Projects\PHP Projects\Equest Solution\eq-vipul-t-laravel-practical-02-10-2025\event-ticketing\vendor\laravel\framework\src\Illuminate\Filesystem\Filesystem.php(107): require('...')
  #12 D:\Projects\PHP Projects\Equest Solution\eq-vipul-t-laravel-practical-02-10-2025\event-ticketing\vendor\laravel\framework\src\Illuminate\Filesystem\Filesystem.php(108): Illuminate\Filesystem\Filesystem::Illuminate\Filesystem\{closure}()
  #13 D:\Projects\PHP Projects\Equest Solution\eq-vipul-t-laravel-practical-02-10-2025\event-ticketing\vendor\laravel\framework\src\Illuminate\View\Engines\PhpEngine.php(58): Illuminate\Filesystem\Filesystem->getRequire()
  #14 D:\Projects\PHP Projects\Equest Solution\eq-vipul-t-laravel-practical-02-10-2025\event-ticketing\vendor\laravel\framework\src\Illuminate\View\Engines\CompilerEngine.php(61): Illuminate\View\Engines\PhpEngine->evaluatePath()
  #15 D:\Projects\PHP Projects\Equest Solution\eq-vipul-t-laravel-practical-02-10-2025\event-ticketing\vendor\facade\ignition\src\Views\Engines\CompilerEngine.php(37): Illuminate\View\Engines\CompilerEngine->get()
  #16 D:\Projects\PHP Projects\Equest Solution\eq-vipul-t-laravel-practical-02-10-2025\event-ticketing\vendor\laravel\framework\src\Illuminate\View\View.php(139): Facade\Ignition\Views\Engines\CompilerEngine->get()
  #17 D:\Projects\PHP Projects\Equest Solution\eq-vipul-t-laravel-practical-02-10-2025\event-ticketing\vendor\laravel\framework\src\Illuminate\View\View.php(122): Illuminate\View\View->getContents()
  #18 D:\Projects\PHP Projects\Equest Solution\eq-vipul-t-laravel-practical-02-10-2025\event-ticketing\vendor\laravel\framework\src\Illuminate\View\View.php(91): Illuminate\View\View->renderContents()
  #19 D:\Projects\PHP Projects\Equest Solution\eq-vipul-t-laravel-practical-02-10-2025\event-ticketing\vendor\laravel\framework\src\Illuminate\Http\Response.php(69): Illuminate\View\View->render()
  #20 D:\Projects\PHP Projects\Equest Solution\eq-vipul-t-laravel-practical-02-10-2025\event-ticketing\vendor\laravel\framework\src\Illuminate\Http\Response.php(35): Illuminate\Http\Response->setContent()
  #21 D:\Projects\PHP Projects\Equest Solution\eq-vipul-t-laravel-practical-02-10-2025\event-ticketing\vendor\laravel\framework\src\Illuminate\Routing\Router.php(820): Illuminate\Http\Response->__construct()
  #22 D:\Projects\PHP Projects\Equest Solution\eq-vipul-t-laravel-practical-02-10-2025\event-ticketing\vendor\laravel\framework\src\Illuminate\Routing\Router.php(789): Illuminate\Routing\Router::toResponse()
  #23 D:\Projects\PHP Projects\Equest Solution\eq-vipul-t-laravel-practical-02-10-2025\event-ticketing\vendor\laravel\framework\src\Illuminate\Routing\Router.php(720): Illuminate\Routing\Router->prepareResponse()
  #24 D:\Projects\PHP Projects\Equest Solution\eq-vipul-t-laravel-practical-02-10-2025\event-ticketing\vendor\laravel\framework\src\Illuminate\Pipeline\Pipeline.php(128): Illuminate\Routing\Router->Illuminate\Routing\{closure}()
  #25 D:\Projects\PHP Projects\Equest Solution\eq-vipul-t-laravel-practical-02-10-2025\event-ticketing\vendor\laravel\framework\src\Illuminate\Routing\Middleware\SubstituteBindings.php(50): Illuminate\Pipeline\Pipeline->Illuminate\Pipeline\{closure}()
  #26 D:\Projects\PHP Projects\Equest Solution\eq-vipul-t-laravel-practical-02-10-2025\event-ticketing\vendor\laravel\framework\src\Illuminate\Pipeline\Pipeline.php(167): Illuminate\Routing\Middleware\SubstituteBindings->handle()
  #27 D:\Projects\PHP Projects\Equest Solution\eq-vipul-t-laravel-practical-02-10-2025\event-ticketing\vendor\laravel\framework\src\Illuminate\Auth\Middleware\Authenticate.php(44): Illuminate\Pipeline\Pipeline->Illuminate\Pipeline\{closure}()
  #28 D:\Projects\PHP Projects\Equest Solution\eq-vipul-t-laravel-practical-02-10-2025\event-ticketing\vendor\laravel\framework\src\Illuminate\Pipeline\Pipeline.php(167): Illuminate\Auth\Middleware\Authenticate->handle()
  #29 D:\Projects\PHP Projects\Equest Solution\eq-vipul-t-laravel-practical-02-10-2025\event-ticketing\vendor\laravel\framework\src\Illuminate\Foundation\Http\Middleware\VerifyCsrfToken.php(78): Illuminate\Pipeline\Pipeline->Illuminate\Pipeline\{closure}()
  #30 D:\Projects\PHP Projects\Equest Solution\eq-vipul-t-laravel-practical-02-10-2025\event-ticketing\vendor\laravel\framework\src\Illuminate\Pipeline\Pipeline.php(167): Illuminate\Foundation\Http\Middleware\VerifyCsrfToken->handle()
  #31 D:\Projects\PHP Projects\Equest Solution\eq-vipul-t-laravel-practical-02-10-2025\event-ticketing\vendor\laravel\framework\src\Illuminate\View\Middleware\ShareErrorsFromSession.php(49): Illuminate\Pipeline\Pipeline->Illuminate\Pipeline\{closure}()
  #32 D:\Projects\PHP Projects\Equest Solution\eq-vipul-t-laravel-practical-02-10-2025\event-ticketing\vendor\laravel\framework\src\Illuminate\Pipeline\Pipeline.php(167): Illuminate\View\Middleware\ShareErrorsFromSession->handle()
  #33 D:\Projects\PHP Projects\Equest Solution\eq-vipul-t-laravel-practical-02-10-2025\event-ticketing\vendor\laravel\framework\src\Illuminate\Session\Middleware\StartSession.php(121): Illuminate\Pipeline\Pipeline->Illuminate\Pipeline\{closure}()
  #34 D:\Projects\PHP Projects\Equest Solution\eq-vipul-t-laravel-practical-02-10-2025\event-ticketing\vendor\laravel\framework\src\Illuminate\Session\Middleware\StartSession.php(64): Illuminate\Session\Middleware\StartSession->handleStatefulRequest()
  #35 D:\Projects\PHP Projects\Equest Solution\eq-vipul-t-laravel-practical-02-10-2025\event-ticketing\vendor\laravel\framework\src\Illuminate\Pipeline\Pipeline.php(167): Illuminate\Session\Middleware\StartSession->handle()
  #36 D:\Projects\PHP Projects\Equest Solution\eq-vipul-t-laravel-practical-02-10-2025\event-ticketing\vendor\laravel\framework\src\Illuminate\Cookie\Middleware\AddQueuedCookiesToResponse.php(37): Illuminate\Pipeline\Pipeline->Illuminate\Pipeline\{closure}()
  #37 D:\Projects\PHP Projects\Equest Solution\eq-vipul-t-laravel-practical-02-10-2025\event-ticketing\vendor\laravel\framework\src\Illuminate\Pipeline\Pipeline.php(167): Illuminate\Cookie\Middleware\AddQueuedCookiesToResponse->handle()
  #38 D:\Projects\PHP Projects\Equest Solution\eq-vipul-t-laravel-practical-02-10-2025\event-ticketing\vendor\laravel\framework\src\Illuminate\Cookie\Middleware\EncryptCookies.php(67): Illuminate\Pipeline\Pipeline->Illuminate\Pipeline\{closure}()
  #39 D:\Projects\PHP Projects\Equest Solution\eq-vipul-t-laravel-practical-02-10-2025\event-ticketing\vendor\laravel\framework\src\Illuminate\Pipeline\Pipeline.php(167): Illuminate\Cookie\Middleware\EncryptCookies->handle()
  #40 D:\Projects\PHP Projects\Equest Solution\eq-vipul-t-laravel-practical-02-10-2025\event-ticketing\vendor\laravel\framework\src\Illuminate\Pipeline\Pipeline.php(103): Illuminate\Pipeline\Pipeline->Illuminate\Pipeline\{closure}()
  #41 D:\Projects\PHP Projects\Equest Solution\eq-vipul-t-laravel-practical-02-10-2025\event-ticketing\vendor\laravel\framework\src\Illuminate\Routing\Router.php(719): Illuminate\Pipeline\Pipeline->then()
  #42 D:\Projects\PHP Projects\Equest Solution\eq-vipul-t-laravel-practical-02-10-2025\event-ticketing\vendor\laravel\framework\src\Illuminate\Routing\Router.php(698): Illuminate\Routing\Router->runRouteWithinStack()
  #43 D:\Projects\PHP Projects\Equest Solution\eq-vipul-t-laravel-practical-02-10-2025\event-ticketing\vendor\laravel\framework\src\Illuminate\Routing\Router.php(662): Illuminate\Routing\Router->runRoute()
  #44 D:\Projects\PHP Projects\Equest Solution\eq-vipul-t-laravel-practical-02-10-2025\event-ticketing\vendor\laravel\framework\src\Illuminate\Routing\Router.php(651): Illuminate\Routing\Router->dispatchToRoute()
  #45 D:\Projects\PHP Projects\Equest Solution\eq-vipul-t-laravel-practical-02-10-2025\event-ticketing\vendor\laravel\framework\src\Illuminate\Foundation\Http\Kernel.php(167): Illuminate\Routing\Router->dispatch()
  #46 D:\Projects\PHP Projects\Equest Solution\eq-vipul-t-laravel-practical-02-10-2025\event-ticketing\vendor\laravel\framework\src\Illuminate\Pipeline\Pipeline.php(128): Illuminate\Foundation\Http\Kernel->Illuminate\Foundation\Http\{closure}()
  #47 D:\Projects\PHP Projects\Equest Solution\eq-vipul-t-laravel-practical-02-10-2025\event-ticketing\vendor\laravel\framework\src\Illuminate\Foundation\Http\Middleware\TransformsRequest.php(21): Illuminate\Pipeline\Pipeline->Illuminate\Pipeline\{closure}()
  #48 D:\Projects\PHP Projects\Equest Solution\eq-vipul-t-laravel-practical-02-10-2025\event-ticketing\vendor\laravel\framework\src\Illuminate\Foundation\Http\Middleware\ConvertEmptyStringsToNull.php(31): Illuminate\Foundation\Http\Middleware\TransformsRequest->handle()
  #49 D:\Projects\PHP Projects\Equest Solution\eq-vipul-t-laravel-practical-02-10-2025\event-ticketing\vendor\laravel\framework\src\Illuminate\Pipeline\Pipeline.php(167): Illuminate\Foundation\Http\Middleware\ConvertEmptyStringsToNull->handle()
  #50 D:\Projects\PHP Projects\Equest Solution\eq-vipul-t-laravel-practical-02-10-2025\event-ticketing\vendor\laravel\framework\src\Illuminate\Foundation\Http\Middleware\TransformsRequest.php(21): Illuminate\Pipeline\Pipeline->Illuminate\Pipeline\{closure}()
  #51 D:\Projects\PHP Projects\Equest Solution\eq-vipul-t-laravel-practical-02-10-2025\event-ticketing\vendor\laravel\framework\src\Illuminate\Foundation\Http\Middleware\TrimStrings.php(40): Illuminate\Foundation\Http\Middleware\TransformsRequest->handle()
  #52 D:\Projects\PHP Projects\Equest Solution\eq-vipul-t-laravel-practical-02-10-2025\event-ticketing\vendor\laravel\framework\src\Illuminate\Pipeline\Pipeline.php(167): Illuminate\Foundation\Http\Middleware\TrimStrings->handle()
  #53 D:\Projects\PHP Projects\Equest Solution\eq-vipul-t-laravel-practical-02-10-2025\event-ticketing\vendor\laravel\framework\src\Illuminate\Foundation\Http\Middleware\ValidatePostSize.php(27): Illuminate\Pipeline\Pipeline->Illuminate\Pipeline\{closure}()
  #54 D:\Projects\PHP Projects\Equest Solution\eq-vipul-t-laravel-practical-02-10-2025\event-ticketing\vendor\laravel\framework\src\Illuminate\Pipeline\Pipeline.php(167): Illuminate\Foundation\Http\Middleware\ValidatePostSize->handle()
  #55 D:\Projects\PHP Projects\Equest Solution\eq-vipul-t-laravel-practical-02-10-2025\event-ticketing\vendor\laravel\framework\src\Illuminate\Foundation\Http\Middleware\PreventRequestsDuringMaintenance.php(86): Illuminate\Pipeline\Pipeline->Illuminate\Pipeline\{closure}()
  #56 D:\Projects\PHP Projects\Equest Solution\eq-vipul-t-laravel-practical-02-10-2025\event-ticketing\vendor\laravel\framework\src\Illuminate\Pipeline\Pipeline.php(167): Illuminate\Foundation\Http\Middleware\PreventRequestsDuringMaintenance->handle()
  #57 D:\Projects\PHP Projects\Equest Solution\eq-vipul-t-laravel-practical-02-10-2025\event-ticketing\vendor\fruitcake\laravel-cors\src\HandleCors.php(38): Illuminate\Pipeline\Pipeline->Illuminate\Pipeline\{closure}()
  #58 D:\Projects\PHP Projects\Equest Solution\eq-vipul-t-laravel-practical-02-10-2025\event-ticketing\vendor\laravel\framework\src\Illuminate\Pipeline\Pipeline.php(167): Fruitcake\Cors\HandleCors->handle()
  #59 D:\Projects\PHP Projects\Equest Solution\eq-vipul-t-laravel-practical-02-10-2025\event-ticketing\vendor\laravel\framework\src\Illuminate\Http\Middleware\TrustProxies.php(39): Illuminate\Pipeline\Pipeline->Illuminate\Pipeline\{closure}()
  #60 D:\Projects\PHP Projects\Equest Solution\eq-vipul-t-laravel-practical-02-10-2025\event-ticketing\vendor\laravel\framework\src\Illuminate\Pipeline\Pipeline.php(167): Illuminate\Http\Middleware\TrustProxies->handle()
  #61 D:\Projects\PHP Projects\Equest Solution\eq-vipul-t-laravel-practical-02-10-2025\event-ticketing\vendor\laravel\framework\src\Illuminate\Pipeline\Pipeline.php(103): Illuminate\Pipeline\Pipeline->Illuminate\Pipeline\{closure}()
  #62 D:\Projects\PHP Projects\Equest Solution\eq-vipul-t-laravel-practical-02-10-2025\event-ticketing\vendor\laravel\framework\src\Illuminate\Foundation\Http\Kernel.php(142): Illuminate\Pipeline\Pipeline->then()
  #63 D:\Projects\PHP Projects\Equest Solution\eq-vipul-t-laravel-practical-02-10-2025\event-ticketing\vendor\laravel\framework\src\Illuminate\Foundation\Http\Kernel.php(111): Illuminate\Foundation\Http\Kernel->sendRequestThroughRouter()
  #64 D:\Projects\PHP Projects\Equest Solution\eq-vipul-t-laravel-practical-02-10-2025\event-ticketing\vendor\laravel\framework\src\Illuminate\Foundation\Testing\Concerns\MakesHttpRequests.php(509): Illuminate\Foundation\Http\Kernel->handle()
  #65 D:\Projects\PHP Projects\Equest Solution\eq-vipul-t-laravel-practical-02-10-2025\event-ticketing\vendor\laravel\framework\src\Illuminate\Foundation\Testing\Concerns\MakesHttpRequests.php(294): Illuminate\Foundation\Testing\TestCase->call()
  #66 D:\Projects\PHP Projects\Equest Solution\eq-vipul-t-laravel-practical-02-10-2025\event-ticketing\tests\Feature\EventTest.php(35): Illuminate\Foundation\Testing\TestCase->get()
  #67 D:\Projects\PHP Projects\Equest Solution\eq-vipul-t-laravel-practical-02-10-2025\event-ticketing\vendor\phpunit\phpunit\src\Framework\TestCase.php(1617): Tests\Feature\EventTest->a_user_can_view_the_dashboard_with_events()
  #68 D:\Projects\PHP Projects\Equest Solution\eq-vipul-t-laravel-practical-02-10-2025\event-ticketing\vendor\phpunit\phpunit\src\Framework\TestCase.php(1223): PHPUnit\Framework\TestCase->runTest()
  #69 D:\Projects\PHP Projects\Equest Solution\eq-vipul-t-laravel-practical-02-10-2025\event-ticketing\vendor\phpunit\phpunit\src\Framework\TestResult.php(729): PHPUnit\Framework\TestCase->runBare()
  #70 D:\Projects\PHP Projects\Equest Solution\eq-vipul-t-laravel-practical-02-10-2025\event-ticketing\vendor\phpunit\phpunit\src\Framework\TestCase.php(973): PHPUnit\Framework\TestResult->run()
  #71 D:\Projects\PHP Projects\Equest Solution\eq-vipul-t-laravel-practical-02-10-2025\event-ticketing\vendor\phpunit\phpunit\src\Framework\TestSuite.php(685): PHPUnit\Framework\TestCase->run()
  #72 D:\Projects\PHP Projects\Equest Solution\eq-vipul-t-laravel-practical-02-10-2025\event-ticketing\vendor\phpunit\phpunit\src\Framework\TestSuite.php(685): PHPUnit\Framework\TestSuite->run()
  #73 D:\Projects\PHP Projects\Equest Solution\eq-vipul-t-laravel-practical-02-10-2025\event-ticketing\vendor\phpunit\phpunit\src\Framework\TestSuite.php(685): PHPUnit\Framework\TestSuite->run()
  #74 D:\Projects\PHP Projects\Equest Solution\eq-vipul-t-laravel-practical-02-10-2025\event-ticketing\vendor\phpunit\phpunit\src\TextUI\TestRunner.php(651): PHPUnit\Framework\TestSuite->run()
  #75 D:\Projects\PHP Projects\Equest Solution\eq-vipul-t-laravel-practical-02-10-2025\event-ticketing\vendor\phpunit\phpunit\src\TextUI\Command.php(146): PHPUnit\TextUI\TestRunner->run()
  #76 D:\Projects\PHP Projects\Equest Solution\eq-vipul-t-laravel-practical-02-10-2025\event-ticketing\vendor\phpunit\phpunit\src\TextUI\Command.php(99): PHPUnit\TextUI\Command->run()
  #77 D:\Projects\PHP Projects\Equest Solution\eq-vipul-t-laravel-practical-02-10-2025\event-ticketing\vendor\phpunit\phpunit\phpunit(107): PHPUnit\TextUI\Command::main()
  #78 {main}
  
  Next Facade\Ignition\Exceptions\ViewException: Unable to locate Mix file: /css/app.css. (View: D:\Projects\PHP Projects\Equest Solution\eq-vipul-t-laravel-practical-02-10-2025\event-ticketing\resources\views\layouts\app.blade.php) in D:\Projects\PHP Projects\Equest Solution\eq-vipul-t-laravel-practical-02-10-2025\event-ticketing\vendor\laravel\framework\src\Illuminate\Foundation\Mix.php:61
  Stack trace:
  #0 D:\Projects\PHP Projects\Equest Solution\eq-vipul-t-laravel-practical-02-10-2025\event-ticketing\vendor\laravel\framework\src\Illuminate\Foundation\helpers.php(537): Illuminate\Foundation\Mix->__invoke()
  #1 D:\Projects\PHP Projects\Equest Solution\eq-vipul-t-laravel-practical-02-10-2025\event-ticketing\resources\views/layouts/app.blade.php(14): mix()
  #2 D:\Projects\PHP Projects\Equest Solution\eq-vipul-t-laravel-practical-02-10-2025\event-ticketing\vendor\laravel\framework\src\Illuminate\Filesystem\Filesystem.php(107): require('...')
  #3 D:\Projects\PHP Projects\Equest Solution\eq-vipul-t-laravel-practical-02-10-2025\event-ticketing\vendor\laravel\framework\src\Illuminate\Filesystem\Filesystem.php(108): Illuminate\Filesystem\Filesystem::Illuminate\Filesystem\{closure}()
  #4 D:\Projects\PHP Projects\Equest Solution\eq-vipul-t-laravel-practical-02-10-2025\event-ticketing\vendor\laravel\framework\src\Illuminate\View\Engines\PhpEngine.php(58): Illuminate\Filesystem\Filesystem->getRequire()
  #5 D:\Projects\PHP Projects\Equest Solution\eq-vipul-t-laravel-practical-02-10-2025\event-ticketing\vendor\laravel\framework\src\Illuminate\View\Engines\CompilerEngine.php(61): Illuminate\View\Engines\PhpEngine->evaluatePath()
  #6 D:\Projects\PHP Projects\Equest Solution\eq-vipul-t-laravel-practical-02-10-2025\event-ticketing\vendor\facade\ignition\src\Views\Engines\CompilerEngine.php(37): Illuminate\View\Engines\CompilerEngine->get()
  #7 D:\Projects\PHP Projects\Equest Solution\eq-vipul-t-laravel-practical-02-10-2025\event-ticketing\vendor\laravel\framework\src\Illuminate\View\View.php(139): Facade\Ignition\Views\Engines\CompilerEngine->get()
  #8 D:\Projects\PHP Projects\Equest Solution\eq-vipul-t-laravel-practical-02-10-2025\event-ticketing\vendor\laravel\framework\src\Illuminate\View\View.php(122): Illuminate\View\View->getContents()
  #9 D:\Projects\PHP Projects\Equest Solution\eq-vipul-t-laravel-practical-02-10-2025\event-ticketing\vendor\laravel\framework\src\Illuminate\View\View.php(91): Illuminate\View\View->renderContents()
  #10 D:\Projects\PHP Projects\Equest Solution\eq-vipul-t-laravel-practical-02-10-2025\event-ticketing\resources\views/dashboard.blade.php(464): Illuminate\View\View->render()
  #11 D:\Projects\PHP Projects\Equest Solution\eq-vipul-t-laravel-practical-02-10-2025\event-ticketing\vendor\laravel\framework\src\Illuminate\Filesystem\Filesystem.php(107): require('...')
  #12 D:\Projects\PHP Projects\Equest Solution\eq-vipul-t-laravel-practical-02-10-2025\event-ticketing\vendor\laravel\framework\src\Illuminate\Filesystem\Filesystem.php(108): Illuminate\Filesystem\Filesystem::Illuminate\Filesystem\{closure}()
  #13 D:\Projects\PHP Projects\Equest Solution\eq-vipul-t-laravel-practical-02-10-2025\event-ticketing\vendor\laravel\framework\src\Illuminate\View\Engines\PhpEngine.php(58): Illuminate\Filesystem\Filesystem->getRequire()
  #14 D:\Projects\PHP Projects\Equest Solution\eq-vipul-t-laravel-practical-02-10-2025\event-ticketing\vendor\laravel\framework\src\Illuminate\View\Engines\CompilerEngine.php(61): Illuminate\View\Engines\PhpEngine->evaluatePath()
  #15 D:\Projects\PHP Projects\Equest Solution\eq-vipul-t-laravel-practical-02-10-2025\event-ticketing\vendor\facade\ignition\src\Views\Engines\CompilerEngine.php(37): Illuminate\View\Engines\CompilerEngine->get()
  #16 D:\Projects\PHP Projects\Equest Solution\eq-vipul-t-laravel-practical-02-10-2025\event-ticketing\vendor\laravel\framework\src\Illuminate\View\View.php(139): Facade\Ignition\Views\Engines\CompilerEngine->get()
  #17 D:\Projects\PHP Projects\Equest Solution\eq-vipul-t-laravel-practical-02-10-2025\event-ticketing\vendor\laravel\framework\src\Illuminate\View\View.php(122): Illuminate\View\View->getContents()
  #18 D:\Projects\PHP Projects\Equest Solution\eq-vipul-t-laravel-practical-02-10-2025\event-ticketing\vendor\laravel\framework\src\Illuminate\View\View.php(91): Illuminate\View\View->renderContents()
  #19 D:\Projects\PHP Projects\Equest Solution\eq-vipul-t-laravel-practical-02-10-2025\event-ticketing\vendor\laravel\framework\src\Illuminate\Http\Response.php(69): Illuminate\View\View->render()
  #20 D:\Projects\PHP Projects\Equest Solution\eq-vipul-t-laravel-practical-02-10-2025\event-ticketing\vendor\laravel\framework\src\Illuminate\Http\Response.php(35): Illuminate\Http\Response->setContent()
  #21 D:\Projects\PHP Projects\Equest Solution\eq-vipul-t-laravel-practical-02-10-2025\event-ticketing\vendor\laravel\framework\src\Illuminate\Routing\Router.php(820): Illuminate\Http\Response->__construct()
  #22 D:\Projects\PHP Projects\Equest Solution\eq-vipul-t-laravel-practical-02-10-2025\event-ticketing\vendor\laravel\framework\src\Illuminate\Routing\Router.php(789): Illuminate\Routing\Router::toResponse()
  #23 D:\Projects\PHP Projects\Equest Solution\eq-vipul-t-laravel-practical-02-10-2025\event-ticketing\vendor\laravel\framework\src\Illuminate\Routing\Router.php(720): Illuminate\Routing\Router->prepareResponse()
  #24 D:\Projects\PHP Projects\Equest Solution\eq-vipul-t-laravel-practical-02-10-2025\event-ticketing\vendor\laravel\framework\src\Illuminate\Pipeline\Pipeline.php(128): Illuminate\Routing\Router->Illuminate\Routing\{closure}()
  #25 D:\Projects\PHP Projects\Equest Solution\eq-vipul-t-laravel-practical-02-10-2025\event-ticketing\vendor\laravel\framework\src\Illuminate\Routing\Middleware\SubstituteBindings.php(50): Illuminate\Pipeline\Pipeline->Illuminate\Pipeline\{closure}()
  #26 D:\Projects\PHP Projects\Equest Solution\eq-vipul-t-laravel-practical-02-10-2025\event-ticketing\vendor\laravel\framework\src\Illuminate\Pipeline\Pipeline.php(167): Illuminate\Routing\Middleware\SubstituteBindings->handle()
  #27 D:\Projects\PHP Projects\Equest Solution\eq-vipul-t-laravel-practical-02-10-2025\event-ticketing\vendor\laravel\framework\src\Illuminate\Auth\Middleware\Authenticate.php(44): Illuminate\Pipeline\Pipeline->Illuminate\Pipeline\{closure}()
  #28 D:\Projects\PHP Projects\Equest Solution\eq-vipul-t-laravel-practical-02-10-2025\event-ticketing\vendor\laravel\framework\src\Illuminate\Pipeline\Pipeline.php(167): Illuminate\Auth\Middleware\Authenticate->handle()
  #29 D:\Projects\PHP Projects\Equest Solution\eq-vipul-t-laravel-practical-02-10-2025\event-ticketing\vendor\laravel\framework\src\Illuminate\Foundation\Http\Middleware\VerifyCsrfToken.php(78): Illuminate\Pipeline\Pipeline->Illuminate\Pipeline\{closure}()
  #30 D:\Projects\PHP Projects\Equest Solution\eq-vipul-t-laravel-practical-02-10-2025\event-ticketing\vendor\laravel\framework\src\Illuminate\Pipeline\Pipeline.php(167): Illuminate\Foundation\Http\Middleware\VerifyCsrfToken->handle()
  #31 D:\Projects\PHP Projects\Equest Solution\eq-vipul-t-laravel-practical-02-10-2025\event-ticketing\vendor\laravel\framework\src\Illuminate\View\Middleware\ShareErrorsFromSession.php(49): Illuminate\Pipeline\Pipeline->Illuminate\Pipeline\{closure}()
  #32 D:\Projects\PHP Projects\Equest Solution\eq-vipul-t-laravel-practical-02-10-2025\event-ticketing\vendor\laravel\framework\src\Illuminate\Pipeline\Pipeline.php(167): Illuminate\View\Middleware\ShareErrorsFromSession->handle()
  #33 D:\Projects\PHP Projects\Equest Solution\eq-vipul-t-laravel-practical-02-10-2025\event-ticketing\vendor\laravel\framework\src\Illuminate\Session\Middleware\StartSession.php(121): Illuminate\Pipeline\Pipeline->Illuminate\Pipeline\{closure}()
  #34 D:\Projects\PHP Projects\Equest Solution\eq-vipul-t-laravel-practical-02-10-2025\event-ticketing\vendor\laravel\framework\src\Illuminate\Session\Middleware\StartSession.php(64): Illuminate\Session\Middleware\StartSession->handleStatefulRequest()
  #35 D:\Projects\PHP Projects\Equest Solution\eq-vipul-t-laravel-practical-02-10-2025\event-ticketing\vendor\laravel\framework\src\Illuminate\Pipeline\Pipeline.php(167): Illuminate\Session\Middleware\StartSession->handle()
  #36 D:\Projects\PHP Projects\Equest Solution\eq-vipul-t-laravel-practical-02-10-2025\event-ticketing\vendor\laravel\framework\src\Illuminate\Cookie\Middleware\AddQueuedCookiesToResponse.php(37): Illuminate\Pipeline\Pipeline->Illuminate\Pipeline\{closure}()
  #37 D:\Projects\PHP Projects\Equest Solution\eq-vipul-t-laravel-practical-02-10-2025\event-ticketing\vendor\laravel\framework\src\Illuminate\Pipeline\Pipeline.php(167): Illuminate\Cookie\Middleware\AddQueuedCookiesToResponse->handle()
  #38 D:\Projects\PHP Projects\Equest Solution\eq-vipul-t-laravel-practical-02-10-2025\event-ticketing\vendor\laravel\framework\src\Illuminate\Cookie\Middleware\EncryptCookies.php(67): Illuminate\Pipeline\Pipeline->Illuminate\Pipeline\{closure}()
  #39 D:\Projects\PHP Projects\Equest Solution\eq-vipul-t-laravel-practical-02-10-2025\event-ticketing\vendor\laravel\framework\src\Illuminate\Pipeline\Pipeline.php(167): Illuminate\Cookie\Middleware\EncryptCookies->handle()
  #40 D:\Projects\PHP Projects\Equest Solution\eq-vipul-t-laravel-practical-02-10-2025\event-ticketing\vendor\laravel\framework\src\Illuminate\Pipeline\Pipeline.php(103): Illuminate\Pipeline\Pipeline->Illuminate\Pipeline\{closure}()
  #41 D:\Projects\PHP Projects\Equest Solution\eq-vipul-t-laravel-practical-02-10-2025\event-ticketing\vendor\laravel\framework\src\Illuminate\Routing\Router.php(719): Illuminate\Pipeline\Pipeline->then()
  #42 D:\Projects\PHP Projects\Equest Solution\eq-vipul-t-laravel-practical-02-10-2025\event-ticketing\vendor\laravel\framework\src\Illuminate\Routing\Router.php(698): Illuminate\Routing\Router->runRouteWithinStack()
  #43 D:\Projects\PHP Projects\Equest Solution\eq-vipul-t-laravel-practical-02-10-2025\event-ticketing\vendor\laravel\framework\src\Illuminate\Routing\Router.php(662): Illuminate\Routing\Router->runRoute()
  #44 D:\Projects\PHP Projects\Equest Solution\eq-vipul-t-laravel-practical-02-10-2025\event-ticketing\vendor\laravel\framework\src\Illuminate\Routing\Router.php(651): Illuminate\Routing\Router->dispatchToRoute()
  #45 D:\Projects\PHP Projects\Equest Solution\eq-vipul-t-laravel-practical-02-10-2025\event-ticketing\vendor\laravel\framework\src\Illuminate\Foundation\Http\Kernel.php(167): Illuminate\Routing\Router->dispatch()
  #46 D:\Projects\PHP Projects\Equest Solution\eq-vipul-t-laravel-practical-02-10-2025\event-ticketing\vendor\laravel\framework\src\Illuminate\Pipeline\Pipeline.php(128): Illuminate\Foundation\Http\Kernel->Illuminate\Foundation\Http\{closure}()
  #47 D:\Projects\PHP Projects\Equest Solution\eq-vipul-t-laravel-practical-02-10-2025\event-ticketing\vendor\laravel\framework\src\Illuminate\Foundation\Http\Middleware\TransformsRequest.php(21): Illuminate\Pipeline\Pipeline->Illuminate\Pipeline\{closure}()
  #48 D:\Projects\PHP Projects\Equest Solution\eq-vipul-t-laravel-practical-02-10-2025\event-ticketing\vendor\laravel\framework\src\Illuminate\Foundation\Http\Middleware\ConvertEmptyStringsToNull.php(31): Illuminate\Foundation\Http\Middleware\TransformsRequest->handle()
  #49 D:\Projects\PHP Projects\Equest Solution\eq-vipul-t-laravel-practical-02-10-2025\event-ticketing\vendor\laravel\framework\src\Illuminate\Pipeline\Pipeline.php(167): Illuminate\Foundation\Http\Middleware\ConvertEmptyStringsToNull->handle()
  #50 D:\Projects\PHP Projects\Equest Solution\eq-vipul-t-laravel-practical-02-10-2025\event-ticketing\vendor\laravel\framework\src\Illuminate\Foundation\Http\Middleware\TransformsRequest.php(21): Illuminate\Pipeline\Pipeline->Illuminate\Pipeline\{closure}()
  #51 D:\Projects\PHP Projects\Equest Solution\eq-vipul-t-laravel-practical-02-10-2025\event-ticketing\vendor\laravel\framework\src\Illuminate\Foundation\Http\Middleware\TrimStrings.php(40): Illuminate\Foundation\Http\Middleware\TransformsRequest->handle()
  #52 D:\Projects\PHP Projects\Equest Solution\eq-vipul-t-laravel-practical-02-10-2025\event-ticketing\vendor\laravel\framework\src\Illuminate\Pipeline\Pipeline.php(167): Illuminate\Foundation\Http\Middleware\TrimStrings->handle()
  #53 D:\Projects\PHP Projects\Equest Solution\eq-vipul-t-laravel-practical-02-10-2025\event-ticketing\vendor\laravel\framework\src\Illuminate\Foundation\Http\Middleware\ValidatePostSize.php(27): Illuminate\Pipeline\Pipeline->Illuminate\Pipeline\{closure}()
  #54 D:\Projects\PHP Projects\Equest Solution\eq-vipul-t-laravel-practical-02-10-2025\event-ticketing\vendor\laravel\framework\src\Illuminate\Pipeline\Pipeline.php(167): Illuminate\Foundation\Http\Middleware\ValidatePostSize->handle()
  #55 D:\Projects\PHP Projects\Equest Solution\eq-vipul-t-laravel-practical-02-10-2025\event-ticketing\vendor\laravel\framework\src\Illuminate\Foundation\Http\Middleware\PreventRequestsDuringMaintenance.php(86): Illuminate\Pipeline\Pipeline->Illuminate\Pipeline\{closure}()
  #56 D:\Projects\PHP Projects\Equest Solution\eq-vipul-t-laravel-practical-02-10-2025\event-ticketing\vendor\laravel\framework\src\Illuminate\Pipeline\Pipeline.php(167): Illuminate\Foundation\Http\Middleware\PreventRequestsDuringMaintenance->handle()
  #57 D:\Projects\PHP Projects\Equest Solution\eq-vipul-t-laravel-practical-02-10-2025\event-ticketing\vendor\fruitcake\laravel-cors\src\HandleCors.php(38): Illuminate\Pipeline\Pipeline->Illuminate\Pipeline\{closure}()
  #58 D:\Projects\PHP Projects\Equest Solution\eq-vipul-t-laravel-practical-02-10-2025\event-ticketing\vendor\laravel\framework\src\Illuminate\Pipeline\Pipeline.php(167): Fruitcake\Cors\HandleCors->handle()
  #59 D:\Projects\PHP Projects\Equest Solution\eq-vipul-t-laravel-practical-02-10-2025\event-ticketing\vendor\laravel\framework\src\Illuminate\Http\Middleware\TrustProxies.php(39): Illuminate\Pipeline\Pipeline->Illuminate\Pipeline\{closure}()
  #60 D:\Projects\PHP Projects\Equest Solution\eq-vipul-t-laravel-practical-02-10-2025\event-ticketing\vendor\laravel\framework\src\Illuminate\Pipeline\Pipeline.php(167): Illuminate\Http\Middleware\TrustProxies->handle()
  #61 D:\Projects\PHP Projects\Equest Solution\eq-vipul-t-laravel-practical-02-10-2025\event-ticketing\vendor\laravel\framework\src\Illuminate\Pipeline\Pipeline.php(103): Illuminate\Pipeline\Pipeline->Illuminate\Pipeline\{closure}()
  #62 D:\Projects\PHP Projects\Equest Solution\eq-vipul-t-laravel-practical-02-10-2025\event-ticketing\vendor\laravel\framework\src\Illuminate\Foundation\Http\Kernel.php(142): Illuminate\Pipeline\Pipeline->then()
  #63 D:\Projects\PHP Projects\Equest Solution\eq-vipul-t-laravel-practical-02-10-2025\event-ticketing\vendor\laravel\framework\src\Illuminate\Foundation\Http\Kernel.php(111): Illuminate\Foundation\Http\Kernel->sendRequestThroughRouter()
  #64 D:\Projects\PHP Projects\Equest Solution\eq-vipul-t-laravel-practical-02-10-2025\event-ticketing\vendor\laravel\framework\src\Illuminate\Foundation\Testing\Concerns\MakesHttpRequests.php(509): Illuminate\Foundation\Http\Kernel->handle()
  #65 D:\Projects\PHP Projects\Equest Solution\eq-vipul-t-laravel-practical-02-10-2025\event-ticketing\vendor\laravel\framework\src\Illuminate\Foundation\Testing\Concerns\MakesHttpRequests.php(294): Illuminate\Foundation\Testing\TestCase->call()
  #66 D:\Projects\PHP Projects\Equest Solution\eq-vipul-t-laravel-practical-02-10-2025\event-ticketing\tests\Feature\EventTest.php(35): Illuminate\Foundation\Testing\TestCase->get()
  #67 D:\Projects\PHP Projects\Equest Solution\eq-vipul-t-laravel-practical-02-10-2025\event-ticketing\vendor\phpunit\phpunit\src\Framework\TestCase.php(1617): Tests\Feature\EventTest->a_user_can_view_the_dashboard_with_events()
  #68 D:\Projects\PHP Projects\Equest Solution\eq-vipul-t-laravel-practical-02-10-2025\event-ticketing\vendor\phpunit\phpunit\src\Framework\TestCase.php(1223): PHPUnit\Framework\TestCase->runTest()
  #69 D:\Projects\PHP Projects\Equest Solution\eq-vipul-t-laravel-practical-02-10-2025\event-ticketing\vendor\phpunit\phpunit\src\Framework\TestResult.php(729): PHPUnit\Framework\TestCase->runBare()
  #70 D:\Projects\PHP Projects\Equest Solution\eq-vipul-t-laravel-practical-02-10-2025\event-ticketing\vendor\phpunit\phpunit\src\Framework\TestCase.php(973): PHPUnit\Framework\TestResult->run()
  #71 D:\Projects\PHP Projects\Equest Solution\eq-vipul-t-laravel-practical-02-10-2025\event-ticketing\vendor\phpunit\phpunit\src\Framework\TestSuite.php(685): PHPUnit\Framework\TestCase->run()
  #72 D:\Projects\PHP Projects\Equest Solution\eq-vipul-t-laravel-practical-02-10-2025\event-ticketing\vendor\phpunit\phpunit\src\Framework\TestSuite.php(685): PHPUnit\Framework\TestSuite->run()
  #73 D:\Projects\PHP Projects\Equest Solution\eq-vipul-t-laravel-practical-02-10-2025\event-ticketing\vendor\phpunit\phpunit\src\Framework\TestSuite.php(685): PHPUnit\Framework\TestSuite->run()
  #74 D:\Projects\PHP Projects\Equest Solution\eq-vipul-t-laravel-practical-02-10-2025\event-ticketing\vendor\phpunit\phpunit\src\TextUI\TestRunner.php(651): PHPUnit\Framework\TestSuite->run()
  #75 D:\Projects\PHP Projects\Equest Solution\eq-vipul-t-laravel-practical-02-10-2025\event-ticketing\vendor\phpunit\phpunit\src\TextUI\Command.php(146): PHPUnit\TextUI\TestRunner->run()
  #76 D:\Projects\PHP Projects\Equest Solution\eq-vipul-t-laravel-practical-02-10-2025\event-ticketing\vendor\phpunit\phpunit\src\TextUI\Command.php(99): PHPUnit\TextUI\Command->run()
  #77 D:\Projects\PHP Projects\Equest Solution\eq-vipul-t-laravel-practical-02-10-2025\event-ticketing\vendor\phpunit\phpunit\phpunit(107): PHPUnit\TextUI\Command::main()
  #78 {main}
  Failed asserting that 200 is identical to 500.[39;22m

  at [32mD:\Projects\PHP Projects\Equest Solution\eq-vipul-t-laravel-practical-02-10-2025\event-ticketing\tests\Feature\EventTest.php[39m:[32m37[39m
     33Γûò         ]);
     34Γûò 
     35Γûò         $response = $this->get('/dashboard');
     36Γûò 
  Γ₧£  37Γûò         $response->assertStatus(200);
     38Γûò         $response->assertSee('Concert One');
     39Γûò     }
     40Γûò 
     41Γûò     /** @test */

  [33m1   [39m[39;1mD:\Projects\PHP Projects\Equest Solution\eq-vipul-t-laravel-practical-02-10-2025\event-ticketing\vendor\phpunit\phpunit\phpunit[39;22m:[39;1m107[39;22m
  [37m    PHPUnit\TextUI\Command::main()[39m

  [31;1mΓÇó Tests\Feature\EventTest [39;22m> [31;1mevents can be retrieved via api[39;22m
[39;1m  Expected response status code [200] but received 404.
  Failed asserting that 200 is identical to 404.[39;22m

  at [32mD:\Projects\PHP Projects\Equest Solution\eq-vipul-t-laravel-practical-02-10-2025\event-ticketing\tests\Feature\EventTest.php[39m:[32m59[39m
     55Γûò         ]);
     56Γûò 
     57Γûò         $response = $this->getJson('/api/api-events');
     58Γûò 
  Γ₧£  59Γûò         $response->assertStatus(200);
     60Γûò         $response->assertJsonFragment(['title' => 'API Event']);
     61Γûò     }
     62Γûò }
     63Γûò

  [33m1   [39m[39;1mD:\Projects\PHP Projects\Equest Solution\eq-vipul-t-laravel-practical-02-10-2025\event-ticketing\vendor\phpunit\phpunit\phpunit[39;22m:[39;1m107[39;22m
  [37m    PHPUnit\TextUI\Command::main()[39m

  [31;1mΓÇó Tests\Feature\ExampleTest [39;22m> [31;1mexample[39;22m
[39;1m  Expected response status code [200] but received 302.
  Failed asserting that 200 is identical to 302.[39;22m

  at [32mD:\Projects\PHP Projects\Equest Solution\eq-vipul-t-laravel-practical-02-10-2025\event-ticketing\tests\Feature\ExampleTest.php[39m:[32m19[39m
     15Γûò     public function test_example()
     16Γûò     {
     17Γûò         $response = $this->get('/');
     18Γûò 
  Γ₧£  19Γûò         $response->assertStatus(200);
     20Γûò     }
     21Γûò }
     22Γûò

  [33m1   [39m[39;1mD:\Projects\PHP Projects\Equest Solution\eq-vipul-t-laravel-practical-02-10-2025\event-ticketing\vendor\phpunit\phpunit\phpunit[39;22m:[39;1m107[39;22m
  [37m    PHPUnit\TextUI\Command::main()[39m


  [37;1mTests:  [39;22m[31;1m15 failed[39;22m[39m, [39m[32;1m4 passed[39;22m
  [37;1mTime:   [39;22m[39m4.12s[39m

